// Jest Snapshot v1, https://goo.gl/fbAQLP

exports[`DrawerCenterMenu should renders as expected 1`] = `
<div
  className="flexCenter"
>
  <withStyles(List)
    className="centerList"
    onClick={[Function]}
  >
    <DrawerMenuItem
      key="center_testItem1"
      label="testItem1"
    />
  </withStyles(List)>
  <withStyles(Divider) />
</div>
`;
